../Drivers/CMSIS/Include/core_cm7.h:2229:22:SCB_EnableICache	4	static,ignoring_inline_asm
../Drivers/CMSIS/Include/core_cm7.h:2281:22:SCB_EnableDCache	24	static,ignoring_inline_asm
../Core/Src/main.c:79:5:main	8	static
../Core/Src/main.c:135:6:SystemClock_Config	88	static
../Core/Src/main.c:185:13:MX_LPTIM1_Init	8	static
../Core/Src/main.c:219:13:MX_RNG_Init	8	static
../Core/Src/main.c:245:13:MX_UART4_Init	8	static
../Core/Src/main.c:280:13:MX_USART2_UART_Init	8	static
../Core/Src/main.c:315:13:MX_USART3_UART_Init	8	static
../Core/Src/main.c:350:13:MX_USB_OTG_FS_PCD_Init	8	static
../Core/Src/main.c:385:13:MX_GPIO_Init	56	static
../Core/Src/main.c:490:6:Error_Handler	4	static,ignoring_inline_asm
